Archive member included to satisfy reference by file (symbol)

c:/program files (x86)/gnu tools arm embedded/5.3 2016q1/bin/../lib/gcc/arm-none-eabi/5.3.1/armv7-m\libgcc.a(_arm_addsubdf3.o)
                              ..\obj\comm.o (__aeabi_dadd)
c:/program files (x86)/gnu tools arm embedded/5.3 2016q1/bin/../lib/gcc/arm-none-eabi/5.3.1/armv7-m\libgcc.a(_arm_muldivdf3.o)
                              ..\obj\utils.o (__aeabi_dmul)
c:/program files (x86)/gnu tools arm embedded/5.3 2016q1/bin/../lib/gcc/arm-none-eabi/5.3.1/armv7-m\libgcc.a(_arm_truncdfsf2.o)
                              ..\obj\comm.o (__aeabi_d2f)
c:/program files (x86)/gnu tools arm embedded/5.3 2016q1/bin/../lib/gcc/arm-none-eabi/5.3.1/armv7-m\libgcc.a(_arm_addsubsf3.o)
                              ..\obj\comm.o (__aeabi_i2f)
c:/program files (x86)/gnu tools arm embedded/5.3 2016q1/bin/../lib/gcc/arm-none-eabi/5.3.1/armv7-m\libgcc.a(_arm_muldivsf3.o)
                              ..\obj\utils.o (__aeabi_fmul)
c:/program files (x86)/gnu tools arm embedded/5.3 2016q1/bin/../lib/gcc/arm-none-eabi/5.3.1/../../../../arm-none-eabi/lib/armv7-m\libg.a(lib_a-sprintf.o)
                              ..\obj\utils.o (sprintf)
c:/program files (x86)/gnu tools arm embedded/5.3 2016q1/bin/../lib/gcc/arm-none-eabi/5.3.1/../../../../arm-none-eabi/lib/armv7-m\libg.a(lib_a-strcat.o)
                              ..\obj\utils.o (strcat)
c:/program files (x86)/gnu tools arm embedded/5.3 2016q1/bin/../lib/gcc/arm-none-eabi/5.3.1/../../../../arm-none-eabi/lib/armv7-m\libg.a(lib_a-strcmp.o)
                              ..\obj\main.o (strcmp)
c:/program files (x86)/gnu tools arm embedded/5.3 2016q1/bin/../lib/gcc/arm-none-eabi/5.3.1/../../../../arm-none-eabi/lib/armv7-m\libg.a(lib_a-strcpy.o)
                              c:/program files (x86)/gnu tools arm embedded/5.3 2016q1/bin/../lib/gcc/arm-none-eabi/5.3.1/../../../../arm-none-eabi/lib/armv7-m\libg.a(lib_a-strcat.o) (strcpy)
c:/program files (x86)/gnu tools arm embedded/5.3 2016q1/bin/../lib/gcc/arm-none-eabi/5.3.1/../../../../arm-none-eabi/lib/armv7-m\libg.a(lib_a-strlen-stub.o)
                              ..\obj\utils.o (strlen)
c:/program files (x86)/gnu tools arm embedded/5.3 2016q1/bin/../lib/gcc/arm-none-eabi/5.3.1/../../../../arm-none-eabi/lib/armv7-m\libg.a(lib_a-svfprintf.o)
                              c:/program files (x86)/gnu tools arm embedded/5.3 2016q1/bin/../lib/gcc/arm-none-eabi/5.3.1/../../../../arm-none-eabi/lib/armv7-m\libg.a(lib_a-sprintf.o) (_svfprintf_r)
c:/program files (x86)/gnu tools arm embedded/5.3 2016q1/bin/../lib/gcc/arm-none-eabi/5.3.1/../../../../arm-none-eabi/lib/armv7-m\libg.a(lib_a-dtoa.o)
                              c:/program files (x86)/gnu tools arm embedded/5.3 2016q1/bin/../lib/gcc/arm-none-eabi/5.3.1/../../../../arm-none-eabi/lib/armv7-m\libg.a(lib_a-svfprintf.o) (_dtoa_r)
c:/program files (x86)/gnu tools arm embedded/5.3 2016q1/bin/../lib/gcc/arm-none-eabi/5.3.1/../../../../arm-none-eabi/lib/armv7-m\libg.a(lib_a-impure.o)
                              c:/program files (x86)/gnu tools arm embedded/5.3 2016q1/bin/../lib/gcc/arm-none-eabi/5.3.1/../../../../arm-none-eabi/lib/armv7-m\libg.a(lib_a-sprintf.o) (_impure_ptr)
c:/program files (x86)/gnu tools arm embedded/5.3 2016q1/bin/../lib/gcc/arm-none-eabi/5.3.1/../../../../arm-none-eabi/lib/armv7-m\libg.a(lib_a-locale.o)
                              c:/program files (x86)/gnu tools arm embedded/5.3 2016q1/bin/../lib/gcc/arm-none-eabi/5.3.1/../../../../arm-none-eabi/lib/armv7-m\libg.a(lib_a-svfprintf.o) (_localeconv_r)
c:/program files (x86)/gnu tools arm embedded/5.3 2016q1/bin/../lib/gcc/arm-none-eabi/5.3.1/../../../../arm-none-eabi/lib/armv7-m\libg.a(lib_a-mallocr.o)
                              c:/program files (x86)/gnu tools arm embedded/5.3 2016q1/bin/../lib/gcc/arm-none-eabi/5.3.1/../../../../arm-none-eabi/lib/armv7-m\libg.a(lib_a-svfprintf.o) (_malloc_r)
c:/program files (x86)/gnu tools arm embedded/5.3 2016q1/bin/../lib/gcc/arm-none-eabi/5.3.1/../../../../arm-none-eabi/lib/armv7-m\libg.a(lib_a-memchr-stub.o)
                              c:/program files (x86)/gnu tools arm embedded/5.3 2016q1/bin/../lib/gcc/arm-none-eabi/5.3.1/../../../../arm-none-eabi/lib/armv7-m\libg.a(lib_a-svfprintf.o) (memchr)
c:/program files (x86)/gnu tools arm embedded/5.3 2016q1/bin/../lib/gcc/arm-none-eabi/5.3.1/../../../../arm-none-eabi/lib/armv7-m\libg.a(lib_a-memcpy.o)
                              c:/program files (x86)/gnu tools arm embedded/5.3 2016q1/bin/../lib/gcc/arm-none-eabi/5.3.1/../../../../arm-none-eabi/lib/armv7-m\libg.a(lib_a-dtoa.o) (memcpy)
c:/program files (x86)/gnu tools arm embedded/5.3 2016q1/bin/../lib/gcc/arm-none-eabi/5.3.1/../../../../arm-none-eabi/lib/armv7-m\libg.a(lib_a-mlock.o)
                              c:/program files (x86)/gnu tools arm embedded/5.3 2016q1/bin/../lib/gcc/arm-none-eabi/5.3.1/../../../../arm-none-eabi/lib/armv7-m\libg.a(lib_a-mallocr.o) (__malloc_lock)
[...]
Memory Configuration

Name             Origin             Length             Attributes
rom              0x08000000         0x00020000         xr
ram              0x20000000         0x00005000         xrw
*default*        0x00000000         0xffffffff

Linker script and memory map

                0x20005000                _eram = 0x20005000

.text           0x08000000     0x69dc
 *(.isr_vector)
 .isr_vector    0x08000000      0x10c ..\obj\startup_stm32f10x_md.o
                0x08000000                g_pfnVectors
 *(.text*)
 .text._delay_ms
                0x0800010c       0x78 ..\obj\HD44780.o
                0x0800010c                _delay_ms
 .text._LCD_OutNibble
                0x08000184       0xa8 ..\obj\HD44780.o
                0x08000184                _LCD_OutNibble
 .text._LCD_Write
                0x0800022c       0x5c ..\obj\HD44780.o
                0x0800022c                _LCD_Write
 .text.LCD_WriteCommand
                0x08000288       0x30 ..\obj\HD44780.o
                0x08000288                LCD_WriteCommand
 .text.LCD_WriteData
                0x080002b8       0x30 ..\obj\HD44780.o
                0x080002b8                LCD_WriteData
 .text.LCD_WriteText
                0x080002e8       0x28 ..\obj\HD44780.o
                0x080002e8                LCD_WriteText
 .text.LCD_GoTo
                0x08000310       0x34 ..\obj\HD44780.o
                0x08000310                LCD_GoTo
 .text.LCD_Clear
                0x08000344       0x14 ..\obj\HD44780.o
                0x08000344                LCD_Clear
 .text.LCD_Initalize
                0x08000358       0xc0 ..\obj\HD44780.o
                0x08000358                LCD_Initalize
 .text.SystemInit
                0x08000418       0x68 ..\obj\system_stm32f10x.o
                0x08000418                SystemInit
 .text.SetSysClock
                0x08000480        0xc ..\obj\system_stm32f10x.o
 .text.SetSysClockTo72
                0x0800048c      0x100 ..\obj\system_stm32f10x.o
 .text.Default_Reset_Handler
                0x0800058c       0x60 ..\obj\startup_stm32f10x_md.o
                0x0800058c                Default_Reset_Handler
                0x0800058c                Reset_Handler
 .text.Default_Handler
                0x080005ec        0x8 ..\obj\startup_stm32f10x_md.o
                0x080005ec                EXTI2_IRQHandler
                0x080005ec                DebugMon_Handler
                0x080005ec                TIM1_CC_IRQHandler
                0x080005ec                HardFault_Handler
                0x080005ec                SysTick_Handler
                0x080005ec                PVD_IRQHandler
                0x080005ec                PendSV_Handler
                0x080005ec                NMI_Handler
                0x080005ec                EXTI3_IRQHandler
                0x080005ec                EXTI0_IRQHandler
                0x080005ec                I2C2_EV_IRQHandler
                0x080005ec                UsageFault_Handler
                0x080005ec                ADC1_2_IRQHandler
                0x080005ec                SPI1_IRQHandler
                0x080005ec                TAMPER_IRQHandler
                0x080005ec                DMA1_Channel4_IRQHandler
                0x080005ec                USART3_IRQHandler
                0x080005ec                RTC_IRQHandler
                0x080005ec                DMA1_Channel7_IRQHandler
                0x080005ec                CAN1_RX1_IRQHandler
                0x080005ec                TIM4_IRQHandler
                0x080005ec                I2C1_EV_IRQHandler
                0x080005ec                DMA1_Channel6_IRQHandler
                0x080005ec                RCC_IRQHandler
                0x080005ec                TIM1_TRG_COM_IRQHandler
                0x080005ec                DMA1_Channel1_IRQHandler
                0x080005ec                EXTI9_5_IRQHandler
                0x080005ec                SPI2_IRQHandler
                0x080005ec                MemManage_Handler
                0x080005ec                SVC_Handler
                0x080005ec                EXTI4_IRQHandler
                0x080005ec                USB_LP_CAN1_RX0_IRQHandler
                0x080005ec                USB_HP_CAN1_TX_IRQHandler
                0x080005ec                DMA1_Channel3_IRQHandler
                0x080005ec                TIM1_UP_IRQHandler
                0x080005ec                WWDG_IRQHandler
                0x080005ec                TIM2_IRQHandler
                0x080005ec                TIM1_BRK_IRQHandler
                0x080005ec                EXTI1_IRQHandler
                0x080005ec                RTCAlarm_IRQHandler
                0x080005ec                USART2_IRQHandler
                0x080005ec                I2C2_ER_IRQHandler
                0x080005ec                DMA1_Channel2_IRQHandler
                0x080005ec                CAN1_SCE_IRQHandler
                0x080005ec                FLASH_IRQHandler
                0x080005ec                BusFault_Handler
                0x080005ec                USART1_IRQHandler
                0x080005ec                I2C1_ER_IRQHandler
                0x080005ec                USBWakeUp_IRQHandler
 .text.GPIO_Init
                0x080005f4      0x178 ..\obj\stm32f10x_gpio.o
                0x080005f4                GPIO_Init
 .text.main     0x0800076c       0x58 ..\obj\main.o
                0x0800076c                main
 .text.DMA1_Channel5_IRQHandler
                0x080007c4       0xbc ..\obj\main.o
                0x080007c4                DMA1_Channel5_IRQHandler
 .text.EXTI15_10_IRQHandler
                0x08000880       0x30 ..\obj\main.o
                0x08000880                EXTI15_10_IRQHandler
 .text.TIM3_IRQHandler
                0x080008b0       0x70 ..\obj\main.o
                0x080008b0                TIM3_IRQHandler
 .text.I2C_GPIO_Config
                0x08000920       0x44 ..\obj\comm.o
                0x08000920                I2C_GPIO_Config
 .text.I2C_Config
                0x08000964       0x44 ..\obj\comm.o
                0x08000964                I2C_Config
 .text.ReadMEMS
                0x080009a8       0xdc ..\obj\comm.o
                0x080009a8                ReadMEMS
 .text.WriteMEMS
                0x08000a84       0x98 ..\obj\comm.o
                0x08000a84                WriteMEMS
 .text.Enable_MEMS
                0x08000b1c       0x18 ..\obj\comm.o
                0x08000b1c                Enable_MEMS
 .text.Get_Data_MEMS
                0x08000b34       0x40 ..\obj\comm.o
                0x08000b34                Get_Data_MEMS
 .text.NVIC_EnableIRQ
                0x08000b74       0x30 ..\obj\utils.o
 *fill*         0x08000ba4        0x4 
 .text.operation
                0x08000ba8      0x31c ..\obj\utils.o
                0x08000ba8                operation
 .text.config_pheripherials
                0x08000ec4      0x208 ..\obj\utils.o
                0x08000ec4                config_pheripherials
 .text.MEMS_init
                0x080010cc        0xc ..\obj\utils.o
                0x080010cc                MEMS_init
 .text.display_static_menu
                0x080010d8       0x30 ..\obj\utils.o
                0x080010d8                display_static_menu
 .text.RCC_GetClocksFreq
                0x08001108      0x160 ..\obj\stm32f10x_rcc.o
                0x08001108                RCC_GetClocksFreq
 .text._sbrk    0x08001268       0x3c ..\obj\syscalls.o
                0x08001268                _sbrk
 .text.I2C_Init
                0x080012a4      0x184 ..\obj\stm32f10x_i2c.o
                0x080012a4                I2C_Init
 .text.I2C_Cmd  0x08001428       0x40 ..\obj\stm32f10x_i2c.o
                0x08001428                I2C_Cmd
 .text.I2C_GenerateSTART
                0x08001468       0x40 ..\obj\stm32f10x_i2c.o
                0x08001468                I2C_GenerateSTART
 .text.I2C_GenerateSTOP
                0x080014a8       0x40 ..\obj\stm32f10x_i2c.o
                0x080014a8                I2C_GenerateSTOP
 .text.I2C_AcknowledgeConfig
                0x080014e8       0x40 ..\obj\stm32f10x_i2c.o
                0x080014e8                I2C_AcknowledgeConfig
 .text.I2C_SendData
                0x08001528       0x20 ..\obj\stm32f10x_i2c.o
                0x08001528                I2C_SendData
 .text.I2C_ReceiveData
                0x08001548       0x1c ..\obj\stm32f10x_i2c.o
                0x08001548                I2C_ReceiveData
 .text.I2C_Send7bitAddress
                0x08001564       0x3c ..\obj\stm32f10x_i2c.o
                0x08001564                I2C_Send7bitAddress
 .text.I2C_CheckEvent
                0x080015a0       0x60 ..\obj\stm32f10x_i2c.o
                0x080015a0                I2C_CheckEvent
 .text          0x08001600      0x370 c:/program files (x86)/gnu tools arm embedded/5.3 2016q1/bin/../lib/gcc/arm-none-eabi/5.3.1/armv7-m\libgcc.a(_arm_addsubdf3.o)
                0x08001600                __aeabi_drsub
                0x08001608                __aeabi_dsub
                0x08001608                __subdf3
                0x0800160c                __aeabi_dadd
                0x0800160c                __adddf3
                0x08001884                __floatunsidf
                0x08001884                __aeabi_ui2d
                0x080018a4                __floatsidf
                0x080018a4                __aeabi_i2d
                0x080018c8                __aeabi_f2d
                0x080018c8                __extendsfdf2
                0x08001904                __floatundidf
                0x08001904                __aeabi_ul2d
                0x08001914                __floatdidf
                0x08001914                __aeabi_l2d
 .text          0x08001970      0x424 c:/program files (x86)/gnu tools arm embedded/5.3 2016q1/bin/../lib/gcc/arm-none-eabi/5.3.1/armv7-m\libgcc.a(_arm_muldivdf3.o)
                0x08001970                __aeabi_dmul
                0x08001970                __muldf3
                0x08001bc4                __divdf3
                0x08001bc4                __aeabi_ddiv
 .text          0x08001d94       0xa0 c:/program files (x86)/gnu tools arm embedded/5.3 2016q1/bin/../lib/gcc/arm-none-eabi/5.3.1/armv7-m\libgcc.a(_arm_truncdfsf2.o)
                0x08001d94                __truncdfsf2
                0x08001d94                __aeabi_d2f
 .text          0x08001e34      0x21c c:/program files (x86)/gnu tools arm embedded/5.3 2016q1/bin/../lib/gcc/arm-none-eabi/5.3.1/armv7-m\libgcc.a(_arm_addsubsf3.o)
                0x08001e34                __aeabi_frsub
                0x08001e3c                __subsf3
                0x08001e3c                __aeabi_fsub
                0x08001e40                __aeabi_fadd
                0x08001e40                __addsf3
                0x08001fa0                __aeabi_ui2f
                0x08001fa0                __floatunsisf
                0x08001fa8                __aeabi_i2f
                0x08001fa8                __floatsisf
                0x08001fc4                __aeabi_ul2f
                0x08001fc4                __floatundisf
                0x08001fd4                __aeabi_l2f
                0x08001fd4                __floatdisf
 .text          0x08002050      0x2a0 c:/program files (x86)/gnu tools arm embedded/5.3 2016q1/bin/../lib/gcc/arm-none-eabi/5.3.1/armv7-m\libgcc.a(_arm_muldivsf3.o)
                0x08002050                __mulsf3
                0x08002050                __aeabi_fmul
                0x080021b8                __aeabi_fdiv
                0x080021b8                __divsf3
 .text.sprintf  0x080022f0       0x4c c:/program files (x86)/gnu tools arm embedded/5.3 2016q1/bin/../lib/gcc/arm-none-eabi/5.3.1/../../../../arm-none-eabi/lib/armv7-m\libg.a(lib_a-sprintf.o)
                0x080022f0                sprintf
 .text.strcat   0x0800233c       0x40 c:/program files (x86)/gnu tools arm embedded/5.3 2016q1/bin/../lib/gcc/arm-none-eabi/5.3.1/../../../../arm-none-eabi/lib/armv7-m\libg.a(lib_a-strcat.o)
                0x0800233c                strcat
 .text          0x0800237c      0x1bc c:/program files (x86)/gnu tools arm embedded/5.3 2016q1/bin/../lib/gcc/arm-none-eabi/5.3.1/../../../../arm-none-eabi/lib/armv7-m\libg.a(lib_a-strcmp.o)
                0x0800237c                strcmp
 .text.strcpy   0x08002538       0xbc c:/program files (x86)/gnu tools arm embedded/5.3 2016q1/bin/../lib/gcc/arm-none-eabi/5.3.1/../../../../arm-none-eabi/lib/armv7-m\libg.a(lib_a-strcpy.o)
                0x08002538                strcpy
 .text.strlen   0x080025f4       0x5c c:/program files (x86)/gnu tools arm embedded/5.3 2016q1/bin/../lib/gcc/arm-none-eabi/5.3.1/../../../../arm-none-eabi/lib/armv7-m\libg.a(lib_a-strlen-stub.o)
                0x080025f4                strlen
 .text._svfprintf_r
                0x08002650     0x175c c:/program files (x86)/gnu tools arm embedded/5.3 2016q1/bin/../lib/gcc/arm-none-eabi/5.3.1/../../../../arm-none-eabi/lib/armv7-m\libg.a(lib_a-svfprintf.o)
                0x08002650                _svfprintf_r
 .text.quorem   0x08003dac      0x12c c:/program files (x86)/gnu tools arm embedded/5.3 2016q1/bin/../lib/gcc/arm-none-eabi/5.3.1/../../../../arm-none-eabi/lib/armv7-m\libg.a(lib_a-dtoa.o)
 .text._dtoa_r  0x08003ed8      0xe4c c:/program files (x86)/gnu tools arm embedded/5.3 2016q1/bin/../lib/gcc/arm-none-eabi/5.3.1/../../../../arm-none-eabi/lib/armv7-m\libg.a(lib_a-dtoa.o)
                0x08003ed8                _dtoa_r
 .text._localeconv_r
                0x08004d24        0x8 c:/program files (x86)/gnu tools arm embedded/5.3 2016q1/bin/../lib/gcc/arm-none-eabi/5.3.1/../../../../arm-none-eabi/lib/armv7-m\libg.a(lib_a-locale.o)
                0x08004d24                _localeconv_r
 .text._malloc_r
                0x08004d2c      0x558 c:/program files (x86)/gnu tools arm embedded/5.3 2016q1/bin/../lib/gcc/arm-none-eabi/5.3.1/../../../../arm-none-eabi/lib/armv7-m\libg.a(lib_a-mallocr.o)
                0x08004d2c                _malloc_r
 .text.memchr   0x08005284       0x8c c:/program files (x86)/gnu tools arm embedded/5.3 2016q1/bin/../lib/gcc/arm-none-eabi/5.3.1/../../../../arm-none-eabi/lib/armv7-m\libg.a(lib_a-memchr-stub.o)
                0x08005284                memchr
 .text          0x08005310       0xec c:/program files (x86)/gnu tools arm embedded/5.3 2016q1/bin/../lib/gcc/arm-none-eabi/5.3.1/../../../../arm-none-eabi/lib/armv7-m\libg.a(lib_a-memcpy.o)
                0x08005310                memcpy
 .text.__malloc_lock
                0x080053fc        0x4 c:/program files (x86)/gnu tools arm embedded/5.3 2016q1/bin/../lib/gcc/arm-none-eabi/5.3.1/../../../../arm-none-eabi/lib/armv7-m\libg.a(lib_a-mlock.o)
                0x080053fc                __malloc_lock
 .text.__malloc_unlock
                0x08005400        0x4 c:/program files (x86)/gnu tools arm embedded/5.3 2016q1/bin/../lib/gcc/arm-none-eabi/5.3.1/../../../../arm-none-eabi/lib/armv7-m\libg.a(lib_a-mlock.o)
                0x08005400                __malloc_unlock
 .text._Balloc  0x08005404       0x50 c:/program files (x86)/gnu tools arm embedded/5.3 2016q1/bin/../lib/gcc/arm-none-eabi/5.3.1/../../../../arm-none-eabi/lib/armv7-m\libg.a(lib_a-mprec.o)
                0x08005404                _Balloc
 .text._Bfree   0x08005454       0x14 c:/program files (x86)/gnu tools arm embedded/5.3 2016q1/bin/../lib/gcc/arm-none-eabi/5.3.1/../../../../arm-none-eabi/lib/armv7-m\libg.a(lib_a-mprec.o)
                0x08005454                _Bfree
 .text.__multadd
                0x08005468       0x80 c:/program files (x86)/gnu tools arm embedded/5.3 2016q1/bin/../lib/gcc/arm-none-eabi/5.3.1/../../../../arm-none-eabi/lib/armv7-m\libg.a(lib_a-mprec.o)
                0x08005468                __multadd
 .text.__hi0bits
                0x080054e8       0x40 c:/program files (x86)/gnu tools arm embedded/5.3 2016q1/bin/../lib/gcc/arm-none-eabi/5.3.1/../../../../arm-none-eabi/lib/armv7-m\libg.a(lib_a-mprec.o)
                0x080054e8                __hi0bits
 .text.__lo0bits
                0x08005528       0x5c c:/program files (x86)/gnu tools arm embedded/5.3 2016q1/bin/../lib/gcc/arm-none-eabi/5.3.1/../../../../arm-none-eabi/lib/armv7-m\libg.a(lib_a-mprec.o)
                0x08005528                __lo0bits
 .text.__i2b    0x08005584       0x14 c:/program files (x86)/gnu tools arm embedded/5.3 2016q1/bin/../lib/gcc/arm-none-eabi/5.3.1/../../../../arm-none-eabi/lib/armv7-m\libg.a(lib_a-mprec.o)
                0x08005584                __i2b
 .text.__multiply
                0x08005598      0x13c c:/program files (x86)/gnu tools arm embedded/5.3 2016q1/bin/../lib/gcc/arm-none-eabi/5.3.1/../../../../arm-none-eabi/lib/armv7-m\libg.a(lib_a-mprec.o)
                0x08005598                __multiply
 .text.__pow5mult
                0x080056d4       0xa0 c:/program files (x86)/gnu tools arm embedded/5.3 2016q1/bin/../lib/gcc/arm-none-eabi/5.3.1/../../../../arm-none-eabi/lib/armv7-m\libg.a(lib_a-mprec.o)
                0x080056d4                __pow5mult
 .text.__lshift
                0x08005774       0xac c:/program files (x86)/gnu tools arm embedded/5.3 2016q1/bin/../lib/gcc/arm-none-eabi/5.3.1/../../../../arm-none-eabi/lib/armv7-m\libg.a(lib_a-mprec.o)
                0x08005774                __lshift
 .text.__mcmp   0x08005820       0x40 c:/program files (x86)/gnu tools arm embedded/5.3 2016q1/bin/../lib/gcc/arm-none-eabi/5.3.1/../../../../arm-none-eabi/lib/armv7-m\libg.a(lib_a-mprec.o)
                0x08005820                __mcmp
 .text.__mdiff  0x08005860      0x128 c:/program files (x86)/gnu tools arm embedded/5.3 2016q1/bin/../lib/gcc/arm-none-eabi/5.3.1/../../../../arm-none-eabi/lib/armv7-m\libg.a(lib_a-mprec.o)
                0x08005860                __mdiff
 .text.__d2b    0x08005988       0xa8 c:/program files (x86)/gnu tools arm embedded/5.3 2016q1/bin/../lib/gcc/arm-none-eabi/5.3.1/../../../../arm-none-eabi/lib/armv7-m\libg.a(lib_a-mprec.o)
                0x08005988                __d2b
 .text._sbrk_r  0x08005a30       0x24 c:/program files (x86)/gnu tools arm embedded/5.3 2016q1/bin/../lib/gcc/arm-none-eabi/5.3.1/../../../../arm-none-eabi/lib/armv7-m\libg.a(lib_a-sbrkr.o)
                0x08005a30                _sbrk_r
 .text.__ssprint_r
                0x08005a54      0x100 c:/program files (x86)/gnu tools arm embedded/5.3 2016q1/bin/../lib/gcc/arm-none-eabi/5.3.1/../../../../arm-none-eabi/lib/armv7-m\libg.a(lib_a-svfiprintf.o)
                0x08005a54                __ssprint_r
 .text._calloc_r
                0x08005b54       0x60 c:/program files (x86)/gnu tools arm embedded/5.3 2016q1/bin/../lib/gcc/arm-none-eabi/5.3.1/../../../../arm-none-eabi/lib/armv7-m\libg.a(lib_a-callocr.o)
                0x08005b54                _calloc_r
 .text._malloc_trim_r
                0x08005bb4       0x9c c:/program files (x86)/gnu tools arm embedded/5.3 2016q1/bin/../lib/gcc/arm-none-eabi/5.3.1/../../../../arm-none-eabi/lib/armv7-m\libg.a(lib_a-freer.o)
                0x08005bb4                _malloc_trim_r
 .text._free_r  0x08005c50      0x1d0 c:/program files (x86)/gnu tools arm embedded/5.3 2016q1/bin/../lib/gcc/arm-none-eabi/5.3.1/../../../../arm-none-eabi/lib/armv7-m\libg.a(lib_a-freer.o)
                0x08005c50                _free_r
 .text.memmove  0x08005e20       0xc8 c:/program files (x86)/gnu tools arm embedded/5.3 2016q1/bin/../lib/gcc/arm-none-eabi/5.3.1/../../../../arm-none-eabi/lib/armv7-m\libg.a(lib_a-memmove.o)
                0x08005e20                memmove
 .text.memset   0x08005ee8       0x9c c:/program files (x86)/gnu tools arm embedded/5.3 2016q1/bin/../lib/gcc/arm-none-eabi/5.3.1/../../../../arm-none-eabi/lib/armv7-m\libg.a(lib_a-memset.o)
                0x08005ee8                memset
 .text._realloc_r
                0x08005f84      0x3d4 c:/program files (x86)/gnu tools arm embedded/5.3 2016q1/bin/../lib/gcc/arm-none-eabi/5.3.1/../../../../arm-none-eabi/lib/armv7-m\libg.a(lib_a-reallocr.o)
                0x08005f84                _realloc_r
 .text          0x08006358      0x110 c:/program files (x86)/gnu tools arm embedded/5.3 2016q1/bin/../lib/gcc/arm-none-eabi/5.3.1/armv7-m\libgcc.a(_arm_cmpdf2.o)
                0x08006358                __gtdf2
                0x08006358                __gedf2
                0x08006360                __ltdf2
                0x08006360                __ledf2
                0x08006368                __nedf2
                0x08006368                __eqdf2
                0x08006368                __cmpdf2
                0x080063e4                __aeabi_cdrcmple
                0x080063f4                __aeabi_cdcmpeq
                0x080063f4                __aeabi_cdcmple
                0x08006404                __aeabi_dcmpeq
                0x08006418                __aeabi_dcmplt
                0x0800642c                __aeabi_dcmple
                0x08006440                __aeabi_dcmpge
                0x08006454                __aeabi_dcmpgt
 .text          0x08006468       0x2c c:/program files (x86)/gnu tools arm embedded/5.3 2016q1/bin/../lib/gcc/arm-none-eabi/5.3.1/armv7-m\libgcc.a(_arm_unorddf2.o)
                0x08006468                __unorddf2
                0x08006468                __aeabi_dcmpun
 .text          0x08006494       0x50 c:/program files (x86)/gnu tools arm embedded/5.3 2016q1/bin/../lib/gcc/arm-none-eabi/5.3.1/armv7-m\libgcc.a(_arm_fixdfsi.o)
                0x08006494                __aeabi_d2iz
                0x08006494                __fixdfsi
 .text          0x080064e4       0x30 c:/program files (x86)/gnu tools arm embedded/5.3 2016q1/bin/../lib/gcc/arm-none-eabi/5.3.1/armv7-m\libgcc.a(_aeabi_uldivmod.o)
                0x080064e4                __aeabi_uldivmod
 .text          0x08006514      0x2ec c:/program files (x86)/gnu tools arm embedded/5.3 2016q1/bin/../lib/gcc/arm-none-eabi/5.3.1/armv7-m\libgcc.a(_udivmoddi4.o)
                0x08006514                __udivmoddi4
 .text          0x08006800        0x4 c:/program files (x86)/gnu tools arm embedded/5.3 2016q1/bin/../lib/gcc/arm-none-eabi/5.3.1/armv7-m\libgcc.a(_dvmd_tls.o)
                0x08006800                __aeabi_idiv0
                0x08006800                __aeabi_ldiv0
 *(.init)
 *(.fini)
 *crtbegin.o(.ctors)
 *crtbegin?.o(.ctors)
 *(EXCLUDE_FILE(*crtend.o *crtend?.o) .ctors)
 *(SORT(.ctors.*))
 *(.ctors)
 *crtbegin.o(.dtors)
 *crtbegin?.o(.dtors)
 *(EXCLUDE_FILE(*crtend.o *crtend?.o) .dtors)
 *(SORT(.dtors.*))
 *(.dtors)
 *(.rodata*)
 .rodata        0x08006804       0x16 ..\obj\main.o
 *fill*         0x0800681a        0x2 
 .rodata        0x0800681c       0x3d ..\obj\utils.o
 *fill*         0x08006859        0x3 
 .rodata.zeroes.7035
                0x0800685c       0x10 c:/program files (x86)/gnu tools arm embedded/5.3 2016q1/bin/../lib/gcc/arm-none-eabi/5.3.1/../../../../arm-none-eabi/lib/armv7-m\libg.a(lib_a-svfprintf.o)
 .rodata.str1.4
                0x0800686c       0x42 c:/program files (x86)/gnu tools arm embedded/5.3 2016q1/bin/../lib/gcc/arm-none-eabi/5.3.1/../../../../arm-none-eabi/lib/armv7-m\libg.a(lib_a-svfprintf.o)
 *fill*         0x080068ae        0x2 
 .rodata.blanks.7034
                0x080068b0       0x10 c:/program files (x86)/gnu tools arm embedded/5.3 2016q1/bin/../lib/gcc/arm-none-eabi/5.3.1/../../../../arm-none-eabi/lib/armv7-m\libg.a(lib_a-svfprintf.o)
 .rodata.str1.4
                0x080068c0       0x10 c:/program files (x86)/gnu tools arm embedded/5.3 2016q1/bin/../lib/gcc/arm-none-eabi/5.3.1/../../../../arm-none-eabi/lib/armv7-m\libg.a(lib_a-dtoa.o)
                                 0x12 (size before relaxing)
 .rodata.str1.4
                0x080068d0        0x2 c:/program files (x86)/gnu tools arm embedded/5.3 2016q1/bin/../lib/gcc/arm-none-eabi/5.3.1/../../../../arm-none-eabi/lib/armv7-m\libg.a(lib_a-impure.o)
 *fill*         0x080068d2        0x2 
 .rodata.str1.4
                0x080068d4        0xc c:/program files (x86)/gnu tools arm embedded/5.3 2016q1/bin/../lib/gcc/arm-none-eabi/5.3.1/../../../../arm-none-eabi/lib/armv7-m\libg.a(lib_a-locale.o)
                                 0x12 (size before relaxing)
 .rodata.__mprec_tens
                0x080068e0       0xc8 c:/program files (x86)/gnu tools arm embedded/5.3 2016q1/bin/../lib/gcc/arm-none-eabi/5.3.1/../../../../arm-none-eabi/lib/armv7-m\libg.a(lib_a-mprec.o)
                0x080068e0                __mprec_tens
 .rodata.__mprec_bigtens
                0x080069a8       0x28 c:/program files (x86)/gnu tools arm embedded/5.3 2016q1/bin/../lib/gcc/arm-none-eabi/5.3.1/../../../../arm-none-eabi/lib/armv7-m\libg.a(lib_a-mprec.o)
                0x080069a8                __mprec_bigtens
 .rodata.p05.5373
                0x080069d0        0xc c:/program files (x86)/gnu tools arm embedded/5.3 2016q1/bin/../lib/gcc/arm-none-eabi/5.3.1/../../../../arm-none-eabi/lib/armv7-m\libg.a(lib_a-mprec.o)
 *(.eh_fram e*)

.glue_7         0x080069dc        0x0
 .glue_7        0x080069dc        0x0 linker stubs

.glue_7t        0x080069dc        0x0
 .glue_7t       0x080069dc        0x0 linker stubs

.vfp11_veneer   0x080069dc        0x0
 .vfp11_veneer  0x080069dc        0x0 linker stubs

.v4_bx          0x080069dc        0x0
 .v4_bx         0x080069dc        0x0 linker stubs

.iplt           0x080069dc        0x0
 .iplt          0x080069dc        0x0 ..\obj\HD44780.o

.ARM.extab
 *(.ARM.extab* .gnu.linkonce.armextab.*)
                0x080069dc                __exidx_start = .

.ARM.exidx      0x080069dc        0x8
 *(.ARM.exidx* .gnu.linkonce.armexidx.*)
 .ARM.exidx     0x080069dc        0x8 c:/program files (x86)/gnu tools arm embedded/5.3 2016q1/bin/../lib/gcc/arm-none-eabi/5.3.1/armv7-m\libgcc.a(_udivmoddi4.o)
                0x080069e4                __exidx_end = .
                0x080069e4                __etext = .
                0x080069e4                _sidata = __etext

.rel.dyn        0x080069e4        0x0
 .rel.iplt      0x080069e4        0x0 ..\obj\HD44780.o

.data           0x20000000      0x88c load address 0x080069e4
                0x20000000                __data_start__ = .
                0x20000000                _sdata = __data_start__
 *(vtable)
 *(.data*)
 .data          0x20000000       0x14 ..\obj\stm32f10x_rcc.o
 *fill*         0x20000014        0x4 
 .data.impure_data
                0x20000018      0x428 c:/program files (x86)/gnu tools arm embedded/5.3 2016q1/bin/../lib/gcc/arm-none-eabi/5.3.1/../../../../arm-none-eabi/lib/armv7-m\libg.a(lib_a-impure.o)
 .data._impure_ptr
                0x20000440        0x4 c:/program files (x86)/gnu tools arm embedded/5.3 2016q1/bin/../lib/gcc/arm-none-eabi/5.3.1/../../../../arm-none-eabi/lib/armv7-m\libg.a(lib_a-impure.o)
                0x20000440                _impure_ptr
 .data.lconv    0x20000444       0x38 c:/program files (x86)/gnu tools arm embedded/5.3 2016q1/bin/../lib/gcc/arm-none-eabi/5.3.1/../../../../arm-none-eabi/lib/armv7-m\libg.a(lib_a-locale.o)
 .data.__malloc_av_
                0x2000047c      0x408 c:/program files (x86)/gnu tools arm embedded/5.3 2016q1/bin/../lib/gcc/arm-none-eabi/5.3.1/../../../../arm-none-eabi/lib/armv7-m\libg.a(lib_a-mallocr.o)
                0x2000047c                __malloc_av_
 .data.__malloc_trim_threshold
                0x20000884        0x4 c:/program files (x86)/gnu tools arm embedded/5.3 2016q1/bin/../lib/gcc/arm-none-eabi/5.3.1/../../../../arm-none-eabi/lib/armv7-m\libg.a(lib_a-mallocr.o)
                0x20000884                __malloc_trim_threshold
 .data.__malloc_sbrk_base
                0x20000888        0x4 c:/program files (x86)/gnu tools arm embedded/5.3 2016q1/bin/../lib/gcc/arm-none-eabi/5.3.1/../../../../arm-none-eabi/lib/armv7-m\libg.a(lib_a-mallocr.o)
                0x20000888                __malloc_sbrk_base
                0x2000088c                . = ALIGN (0x4)
                [!provide]                PROVIDE (__preinit_array_start, .)
 *(.preinit_array)
                [!provide]                PROVIDE (__preinit_array_end, .)
                0x2000088c                . = ALIGN (0x4)
                [!provide]                PROVIDE (__init_array_start, .)
 *(SORT(.init_array.*))
 *(.init_array)
                [!provide]                PROVIDE (__init_array_end, .)
                0x2000088c                . = ALIGN (0x4)
                [!provide]                PROVIDE (__fini_array_start, .)
 *(SORT(.fini_array.*))
 *(.fini_array)
                [!provide]                PROVIDE (__fini_array_end, .)
 *(.jcr*)
                0x2000088c                . = ALIGN (0x4)
                0x2000088c                __data_end__ = .
                0x2000088c                _edata = __data_end__

.igot.plt       0x2000088c        0x0 load address 0x08007270
 .igot.plt      0x2000088c        0x0 ..\obj\HD44780.o

.bss            0x2000088c       0x4c load address 0x08007270
                0x2000088c                . = ALIGN (0x4)
                0x2000088c                __bss_start__ = .
                0x2000088c                _sbss = __bss_start__
 *(.bss*)
 .bss           0x2000088c        0x4 ..\obj\main.o
                0x2000088c                degrees_data_to_read
                0x2000088d                radian_data_to_read
                0x2000088e                single_measure_no_send
                0x2000088f                single_measure_with_send
 .bss           0x20000890        0x4 ..\obj\syscalls.o
 .bss.__malloc_max_total_mem
                0x20000894        0x4 c:/program files (x86)/gnu tools arm embedded/5.3 2016q1/bin/../lib/gcc/arm-none-eabi/5.3.1/../../../../arm-none-eabi/lib/armv7-m\libg.a(lib_a-mallocr.o)
                0x20000894                __malloc_max_total_mem
 .bss.__malloc_max_sbrked_mem
                0x20000898        0x4 c:/program files (x86)/gnu tools arm embedded/5.3 2016q1/bin/../lib/gcc/arm-none-eabi/5.3.1/../../../../arm-none-eabi/lib/armv7-m\libg.a(lib_a-mallocr.o)
                0x20000898                __malloc_max_sbrked_mem
 .bss.__malloc_top_pad
                0x2000089c        0x4 c:/program files (x86)/gnu tools arm embedded/5.3 2016q1/bin/../lib/gcc/arm-none-eabi/5.3.1/../../../../arm-none-eabi/lib/armv7-m\libg.a(lib_a-mallocr.o)
                0x2000089c                __malloc_top_pad
 .bss.__malloc_current_mallinfo
                0x200008a0       0x28 c:/program files (x86)/gnu tools arm embedded/5.3 2016q1/bin/../lib/gcc/arm-none-eabi/5.3.1/../../../../arm-none-eabi/lib/armv7-m\libg.a(lib_a-mallocr.o)
                0x200008a0                __malloc_current_mallinfo
 *(COMMON)
 COMMON         0x200008c8        0x9 ..\obj\main.o
                0x200008c8                recieved_data
 *fill*         0x200008d1        0x3 
 COMMON         0x200008d4        0x4 c:/program files (x86)/gnu tools arm embedded/5.3 2016q1/bin/../lib/gcc/arm-none-eabi/5.3.1/../../../../arm-none-eabi/lib/armv7-m\libg.a(lib_a-reent.o)
                0x200008d4                errno
                0x200008d8                . = ALIGN (0x4)
                0x200008d8                __bss_end__ = .
                0x200008d8                _ebss = __bss_end__

.heap           0x200008d8        0x0
                0x200008d8                __end__ = .
                0x200008d8                _end = __end__
                0x200008d8                end = __end__
 *(.heap*)
                0x200008d8                __HeapLimit = .

.co_stack       0x200008d8      0x400 load address 0x080072bc
                0x200008d8                . = ALIGN (0x8)
 *(.co_stack .co_stack.*)
 .co_stack      0x200008d8      0x400 ..\obj\startup_stm32f10x_md.o
                0x200008d8                pulStack
                0x20005000                __StackTop = (ORIGIN (ram) + LENGTH (ram))
                0x20004c00                __StackLimit = (__StackTop - SIZEOF (.co_stack))
                [!provide]                PROVIDE (__stack, __StackTop)
                0x00000001                ASSERT ((__StackLimit >= __HeapLimit), region ram  overflowed with stack)
LOAD ..\obj\HD44780.o
LOAD ..\obj\stm32f10x_tim.o
LOAD ..\obj\system_stm32f10x.o
LOAD ..\obj\startup_stm32f10x_md.o
LOAD ..\obj\stm32f10x_gpio.o
LOAD ..\obj\main.o
LOAD ..\obj\comm.o
LOAD ..\obj\utils.o
LOAD ..\obj\stm32f10x_rcc.o
LOAD ..\obj\stm32f10x_adc.o
LOAD ..\obj\syscalls.o
LOAD ..\obj\stm32f10x_i2c.o
START GROUP
LOAD c:/program files (x86)/gnu tools arm embedded/5.3 2016q1/bin/../lib/gcc/arm-none-eabi/5.3.1/armv7-m\libgcc.a
LOAD c:/program files (x86)/gnu tools arm embedded/5.3 2016q1/bin/../lib/gcc/arm-none-eabi/5.3.1/../../../../arm-none-eabi/lib/armv7-m\libg.a
LOAD c:/program files (x86)/gnu tools arm embedded/5.3 2016q1/bin/../lib/gcc/arm-none-eabi/5.3.1/../../../../arm-none-eabi/lib/armv7-m\libc.a
END GROUP
OUTPUT(transponder.elf elf32-littlearm)

.debug_info     0x00000000     0x3e8b
 .debug_info    0x00000000      0x4b0 ..\obj\HD44780.o
 .debug_info    0x000004b0      0x49c ..\obj\system_stm32f10x.o
 .debug_info    0x0000094c       0xee ..\obj\startup_stm32f10x_md.o
 .debug_info    0x00000a3a      0x6f6 ..\obj\stm32f10x_gpio.o
 .debug_info    0x00001130      0x542 ..\obj\main.o
 .debug_info    0x00001672      0x549 ..\obj\comm.o
 .debug_info    0x00001bbb      0xb2c ..\obj\utils.o
 .debug_info    0x000026e7      0x8a3 ..\obj\stm32f10x_rcc.o
 .debug_info    0x00002f8a      0x3f5 ..\obj\syscalls.o
 .debug_info    0x0000337f      0xb0c ..\obj\stm32f10x_i2c.o

.debug_abbrev   0x00000000      0xce1
 .debug_abbrev  0x00000000      0x107 ..\obj\HD44780.o
 .debug_abbrev  0x00000107      0x14e ..\obj\system_stm32f10x.o
 .debug_abbrev  0x00000255       0xa7 ..\obj\startup_stm32f10x_md.o
 .debug_abbrev  0x000002fc      0x1cc ..\obj\stm32f10x_gpio.o
 .debug_abbrev  0x000004c8      0x105 ..\obj\main.o
 .debug_abbrev  0x000005cd      0x155 ..\obj\comm.o
 .debug_abbrev  0x00000722      0x1b8 ..\obj\utils.o
 .debug_abbrev  0x000008da      0x1bc ..\obj\stm32f10x_rcc.o
 .debug_abbrev  0x00000a96       0xe5 ..\obj\syscalls.o
 .debug_abbrev  0x00000b7b      0x166 ..\obj\stm32f10x_i2c.o

.debug_aranges  0x00000000      0x4e0
 .debug_aranges
                0x00000000       0x68 ..\obj\HD44780.o
 .debug_aranges
                0x00000068       0x38 ..\obj\system_stm32f10x.o
 .debug_aranges
                0x000000a0       0x28 ..\obj\startup_stm32f10x_md.o
 .debug_aranges
                0x000000c8       0xa8 ..\obj\stm32f10x_gpio.o
 .debug_aranges
                0x00000170       0x38 ..\obj\main.o
 .debug_aranges
                0x000001a8       0x60 ..\obj\comm.o
 .debug_aranges
                0x00000208       0x40 ..\obj\utils.o
 .debug_aranges
                0x00000248      0x118 ..\obj\stm32f10x_rcc.o
 .debug_aranges
                0x00000360       0x60 ..\obj\syscalls.o
 .debug_aranges
                0x000003c0      0x120 ..\obj\stm32f10x_i2c.o

.debug_ranges   0x00000000      0x440
 .debug_ranges  0x00000000       0x58 ..\obj\HD44780.o
 .debug_ranges  0x00000058       0x28 ..\obj\system_stm32f10x.o
 .debug_ranges  0x00000080       0x18 ..\obj\startup_stm32f10x_md.o
 .debug_ranges  0x00000098       0x98 ..\obj\stm32f10x_gpio.o
 .debug_ranges  0x00000130       0x28 ..\obj\main.o
 .debug_ranges  0x00000158       0x50 ..\obj\comm.o
 .debug_ranges  0x000001a8       0x30 ..\obj\utils.o
 .debug_ranges  0x000001d8      0x108 ..\obj\stm32f10x_rcc.o
 .debug_ranges  0x000002e0       0x50 ..\obj\syscalls.o
 .debug_ranges  0x00000330      0x110 ..\obj\stm32f10x_i2c.o

.debug_line     0x00000000     0x1c67
 .debug_line    0x00000000      0x29d ..\obj\HD44780.o
 .debug_line    0x0000029d      0x228 ..\obj\system_stm32f10x.o
 .debug_line    0x000004c5       0xa4 ..\obj\startup_stm32f10x_md.o
 .debug_line    0x00000569      0x3dc ..\obj\stm32f10x_gpio.o
 .debug_line    0x00000945      0x1fc ..\obj\main.o
 .debug_line    0x00000b41      0x2fb ..\obj\comm.o
 .debug_line    0x00000e3c      0x2de ..\obj\utils.o
 .debug_line    0x0000111a      0x4d7 ..\obj\stm32f10x_rcc.o
 .debug_line    0x000015f1      0x185 ..\obj\syscalls.o
 .debug_line    0x00001776      0x4f1 ..\obj\stm32f10x_i2c.o

.debug_str      0x00000000     0x1800
 .debug_str     0x00000000      0x30a ..\obj\HD44780.o
                                0x35d (size before relaxing)
 .debug_str     0x0000030a      0x17e ..\obj\system_stm32f10x.o
                                0x2f9 (size before relaxing)
 .debug_str     0x00000488       0xb2 ..\obj\startup_stm32f10x_md.o
                                0x149 (size before relaxing)
 .debug_str     0x0000053a      0x3a0 ..\obj\stm32f10x_gpio.o
                                0x523 (size before relaxing)
 .debug_str     0x000008da      0x179 ..\obj\main.o
                                0x40e (size before relaxing)
 .debug_str     0x00000a53      0x148 ..\obj\comm.o
                                0x46c (size before relaxing)
 .debug_str     0x00000b9b      0x3d1 ..\obj\utils.o
                                0x8e2 (size before relaxing)
 .debug_str     0x00000f6c      0x3ea ..\obj\stm32f10x_rcc.o
                                0x624 (size before relaxing)
 .debug_str     0x00001356      0x15c ..\obj\syscalls.o
                                0x2e0 (size before relaxing)
 .debug_str     0x000014b2      0x34e ..\obj\stm32f10x_i2c.o
                                0x670 (size before relaxing)

.comment        0x00000000       0x6e
 .comment       0x00000000       0x6e ..\obj\HD44780.o
                                 0x6f (size before relaxing)
 .comment       0x0000006e       0x6f ..\obj\system_stm32f10x.o
 .comment       0x0000006e       0x6f ..\obj\startup_stm32f10x_md.o
 .comment       0x0000006e       0x6f ..\obj\stm32f10x_gpio.o
 .comment       0x0000006e       0x6f ..\obj\main.o
 .comment       0x0000006e       0x6f ..\obj\comm.o
 .comment       0x0000006e       0x6f ..\obj\utils.o
 .comment       0x0000006e       0x6f ..\obj\stm32f10x_rcc.o
 .comment       0x0000006e       0x6f ..\obj\syscalls.o
 .comment       0x0000006e       0x6f ..\obj\stm32f10x_i2c.o

.ARM.attributes
                0x00000000       0x31
 .ARM.attributes
                0x00000000       0x33 ..\obj\HD44780.o
 .ARM.attributes
                0x00000033       0x33 ..\obj\system_stm32f10x.o
 .ARM.attributes
                0x00000066       0x33 ..\obj\startup_stm32f10x_md.o
 .ARM.attributes
                0x00000099       0x33 ..\obj\stm32f10x_gpio.o
 .ARM.attributes
                0x000000cc       0x33 ..\obj\main.o
 .ARM.attributes
                0x000000ff       0x33 ..\obj\comm.o
 .ARM.attributes
                0x00000132       0x33 ..\obj\utils.o
 .ARM.attributes
                0x00000165       0x33 ..\obj\stm32f10x_rcc.o
 .ARM.attributes
                0x00000198       0x33 ..\obj\syscalls.o
 .ARM.attributes
                0x000001cb       0x33 ..\obj\stm32f10x_i2c.o
 .ARM.attributes
                0x000001fe       0x1d c:/program files (x86)/gnu tools arm embedded/5.3 2016q1/bin/../lib/gcc/arm-none-eabi/5.3.1/armv7-m\libgcc.a(_arm_addsubdf3.o)
 .ARM.attributes
                0x0000021b       0x1d c:/program files (x86)/gnu tools arm embedded/5.3 2016q1/bin/../lib/gcc/arm-none-eabi/5.3.1/armv7-m\libgcc.a(_arm_muldivdf3.o)
 .ARM.attributes
                0x00000238       0x1d c:/program files (x86)/gnu tools arm embedded/5.3 2016q1/bin/../lib/gcc/arm-none-eabi/5.3.1/armv7-m\libgcc.a(_arm_truncdfsf2.o)
 .ARM.attributes
                0x00000255       0x1d c:/program files (x86)/gnu tools arm embedded/5.3 2016q1/bin/../lib/gcc/arm-none-eabi/5.3.1/armv7-m\libgcc.a(_arm_addsubsf3.o)
 .ARM.attributes
                0x00000272       0x1d c:/program files (x86)/gnu tools arm embedded/5.3 2016q1/bin/../lib/gcc/arm-none-eabi/5.3.1/armv7-m\libgcc.a(_arm_muldivsf3.o)
 .ARM.attributes
                0x0000028f       0x2d c:/program files (x86)/gnu tools arm embedded/5.3 2016q1/bin/../lib/gcc/arm-none-eabi/5.3.1/../../../../arm-none-eabi/lib/armv7-m\libg.a(lib_a-sprintf.o)
 .ARM.attributes
                0x000002bc       0x2d c:/program files (x86)/gnu tools arm embedded/5.3 2016q1/bin/../lib/gcc/arm-none-eabi/5.3.1/../../../../arm-none-eabi/lib/armv7-m\libg.a(lib_a-strcat.o)
 .ARM.attributes
                0x000002e9       0x1b c:/program files (x86)/gnu tools arm embedded/5.3 2016q1/bin/../lib/gcc/arm-none-eabi/5.3.1/../../../../arm-none-eabi/lib/armv7-m\libg.a(lib_a-strcmp.o)
 .ARM.attributes
                0x00000304       0x2d c:/program files (x86)/gnu tools arm embedded/5.3 2016q1/bin/../lib/gcc/arm-none-eabi/5.3.1/../../../../arm-none-eabi/lib/armv7-m\libg.a(lib_a-strcpy.o)
 .ARM.attributes
                0x00000331       0x2d c:/program files (x86)/gnu tools arm embedded/5.3 2016q1/bin/../lib/gcc/arm-none-eabi/5.3.1/../../../../arm-none-eabi/lib/armv7-m\libg.a(lib_a-strlen-stub.o)
 .ARM.attributes
                0x0000035e       0x2d c:/program files (x86)/gnu tools arm embedded/5.3 2016q1/bin/../lib/gcc/arm-none-eabi/5.3.1/../../../../arm-none-eabi/lib/armv7-m\libg.a(lib_a-svfprintf.o)
 .ARM.attributes
                0x0000038b       0x2d c:/program files (x86)/gnu tools arm embedded/5.3 2016q1/bin/../lib/gcc/arm-none-eabi/5.3.1/../../../../arm-none-eabi/lib/armv7-m\libg.a(lib_a-dtoa.o)
 .ARM.attributes
                0x000003b8       0x2d c:/program files (x86)/gnu tools arm embedded/5.3 2016q1/bin/../lib/gcc/arm-none-eabi/5.3.1/../../../../arm-none-eabi/lib/armv7-m\libg.a(lib_a-impure.o)
 .ARM.attributes
                0x000003e5       0x2d c:/program files (x86)/gnu tools arm embedded/5.3 2016q1/bin/../lib/gcc/arm-none-eabi/5.3.1/../../../../arm-none-eabi/lib/armv7-m\libg.a(lib_a-locale.o)
 .ARM.attributes
                0x00000412       0x2d c:/program files (x86)/gnu tools arm embedded/5.3 2016q1/bin/../lib/gcc/arm-none-eabi/5.3.1/../../../../arm-none-eabi/lib/armv7-m\libg.a(lib_a-mallocr.o)
 .ARM.attributes
                0x0000043f       0x2d c:/program files (x86)/gnu tools arm embedded/5.3 2016q1/bin/../lib/gcc/arm-none-eabi/5.3.1/../../../../arm-none-eabi/lib/armv7-m\libg.a(lib_a-memchr-stub.o)
 .ARM.attributes
                0x0000046c       0x1b c:/program files (x86)/gnu tools arm embedded/5.3 2016q1/bin/../lib/gcc/arm-none-eabi/5.3.1/../../../../arm-none-eabi/lib/armv7-m\libg.a(lib_a-memcpy.o)
 .ARM.attributes
                0x00000487       0x2d c:/program files (x86)/gnu tools arm embedded/5.3 2016q1/bin/../lib/gcc/arm-none-eabi/5.3.1/../../../../arm-none-eabi/lib/armv7-m\libg.a(lib_a-mlock.o)
 .ARM.attributes
                0x000004b4       0x2d c:/program files (x86)/gnu tools arm embedded/5.3 2016q1/bin/../lib/gcc/arm-none-eabi/5.3.1/../../../../arm-none-eabi/lib/armv7-m\libg.a(lib_a-mprec.o)
 .ARM.attributes
                0x000004e1       0x2d c:/program files (x86)/gnu tools arm embedded/5.3 2016q1/bin/../lib/gcc/arm-none-eabi/5.3.1/../../../../arm-none-eabi/lib/armv7-m\libg.a(lib_a-sbrkr.o)
 .ARM.attributes
                0x0000050e       0x2d c:/program files (x86)/gnu tools arm embedded/5.3 2016q1/bin/../lib/gcc/arm-none-eabi/5.3.1/../../../../arm-none-eabi/lib/armv7-m\libg.a(lib_a-svfiprintf.o)
 .ARM.attributes
                0x0000053b       0x2d c:/program files (x86)/gnu tools arm embedded/5.3 2016q1/bin/../lib/gcc/arm-none-eabi/5.3.1/../../../../arm-none-eabi/lib/armv7-m\libg.a(lib_a-callocr.o)
 .ARM.attributes
                0x00000568       0x2d c:/program files (x86)/gnu tools arm embedded/5.3 2016q1/bin/../lib/gcc/arm-none-eabi/5.3.1/../../../../arm-none-eabi/lib/armv7-m\libg.a(lib_a-freer.o)
 .ARM.attributes
                0x00000595       0x2d c:/program files (x86)/gnu tools arm embedded/5.3 2016q1/bin/../lib/gcc/arm-none-eabi/5.3.1/../../../../arm-none-eabi/lib/armv7-m\libg.a(lib_a-memmove.o)
 .ARM.attributes
                0x000005c2       0x2d c:/program files (x86)/gnu tools arm embedded/5.3 2016q1/bin/../lib/gcc/arm-none-eabi/5.3.1/../../../../arm-none-eabi/lib/armv7-m\libg.a(lib_a-memset.o)
 .ARM.attributes
                0x000005ef       0x2d c:/program files (x86)/gnu tools arm embedded/5.3 2016q1/bin/../lib/gcc/arm-none-eabi/5.3.1/../../../../arm-none-eabi/lib/armv7-m\libg.a(lib_a-reallocr.o)
 .ARM.attributes
                0x0000061c       0x2d c:/program files (x86)/gnu tools arm embedded/5.3 2016q1/bin/../lib/gcc/arm-none-eabi/5.3.1/../../../../arm-none-eabi/lib/armv7-m\libg.a(lib_a-reent.o)
 .ARM.attributes
                0x00000649       0x1d c:/program files (x86)/gnu tools arm embedded/5.3 2016q1/bin/../lib/gcc/arm-none-eabi/5.3.1/armv7-m\libgcc.a(_arm_cmpdf2.o)
 .ARM.attributes
                0x00000666       0x1d c:/program files (x86)/gnu tools arm embedded/5.3 2016q1/bin/../lib/gcc/arm-none-eabi/5.3.1/armv7-m\libgcc.a(_arm_unorddf2.o)
 .ARM.attributes
                0x00000683       0x1d c:/program files (x86)/gnu tools arm embedded/5.3 2016q1/bin/../lib/gcc/arm-none-eabi/5.3.1/armv7-m\libgcc.a(_arm_fixdfsi.o)
 .ARM.attributes
                0x000006a0       0x1d c:/program files (x86)/gnu tools arm embedded/5.3 2016q1/bin/../lib/gcc/arm-none-eabi/5.3.1/armv7-m\libgcc.a(_aeabi_uldivmod.o)
 .ARM.attributes
                0x000006bd       0x2d c:/program files (x86)/gnu tools arm embedded/5.3 2016q1/bin/../lib/gcc/arm-none-eabi/5.3.1/armv7-m\libgcc.a(_udivmoddi4.o)
 .ARM.attributes
                0x000006ea       0x1d c:/program files (x86)/gnu tools arm embedded/5.3 2016q1/bin/../lib/gcc/arm-none-eabi/5.3.1/armv7-m\libgcc.a(_dvmd_tls.o)

.debug_frame    0x00000000     0x1b94
 .debug_frame   0x00000000      0x170 ..\obj\HD44780.o
 .debug_frame   0x00000170       0x98 ..\obj\system_stm32f10x.o
 .debug_frame   0x00000208       0x4c ..\obj\startup_stm32f10x_md.o
 .debug_frame   0x00000254      0x2d0 ..\obj\stm32f10x_gpio.o
 .debug_frame   0x00000524       0x90 ..\obj\main.o
 .debug_frame   0x000005b4      0x140 ..\obj\comm.o
 .debug_frame   0x000006f4       0xbc ..\obj\utils.o
 .debug_frame   0x000007b0      0x4f4 ..\obj\stm32f10x_rcc.o
 .debug_frame   0x00000ca4      0x168 ..\obj\syscalls.o
 .debug_frame   0x00000e0c      0x530 ..\obj\stm32f10x_i2c.o
 .debug_frame   0x0000133c       0x84 c:/program files (x86)/gnu tools arm embedded/5.3 2016q1/bin/../lib/gcc/arm-none-eabi/5.3.1/../../../../arm-none-eabi/lib/armv7-m\libg.a(lib_a-sprintf.o)
 .debug_frame   0x000013c0       0x28 c:/program files (x86)/gnu tools arm embedded/5.3 2016q1/bin/../lib/gcc/arm-none-eabi/5.3.1/../../../../arm-none-eabi/lib/armv7-m\libg.a(lib_a-strcat.o)
 .debug_frame   0x000013e8       0x34 c:/program files (x86)/gnu tools arm embedded/5.3 2016q1/bin/../lib/gcc/arm-none-eabi/5.3.1/../../../../arm-none-eabi/lib/armv7-m\libg.a(lib_a-strcmp.o)
 .debug_frame   0x0000141c       0x20 c:/program files (x86)/gnu tools arm embedded/5.3 2016q1/bin/../lib/gcc/arm-none-eabi/5.3.1/../../../../arm-none-eabi/lib/armv7-m\libg.a(lib_a-strcpy.o)
 .debug_frame   0x0000143c       0x20 c:/program files (x86)/gnu tools arm embedded/5.3 2016q1/bin/../lib/gcc/arm-none-eabi/5.3.1/../../../../arm-none-eabi/lib/armv7-m\libg.a(lib_a-strlen-stub.o)
 .debug_frame   0x0000145c       0x44 c:/program files (x86)/gnu tools arm embedded/5.3 2016q1/bin/../lib/gcc/arm-none-eabi/5.3.1/../../../../arm-none-eabi/lib/armv7-m\libg.a(lib_a-svfprintf.o)
 .debug_frame   0x000014a0       0x84 c:/program files (x86)/gnu tools arm embedded/5.3 2016q1/bin/../lib/gcc/arm-none-eabi/5.3.1/../../../../arm-none-eabi/lib/armv7-m\libg.a(lib_a-dtoa.o)
 .debug_frame   0x00001524       0x9c c:/program files (x86)/gnu tools arm embedded/5.3 2016q1/bin/../lib/gcc/arm-none-eabi/5.3.1/../../../../arm-none-eabi/lib/armv7-m\libg.a(lib_a-locale.o)
 .debug_frame   0x000015c0       0x54 c:/program files (x86)/gnu tools arm embedded/5.3 2016q1/bin/../lib/gcc/arm-none-eabi/5.3.1/../../../../arm-none-eabi/lib/armv7-m\libg.a(lib_a-mallocr.o)
 .debug_frame   0x00001614       0x34 c:/program files (x86)/gnu tools arm embedded/5.3 2016q1/bin/../lib/gcc/arm-none-eabi/5.3.1/../../../../arm-none-eabi/lib/armv7-m\libg.a(lib_a-memchr-stub.o)
 .debug_frame   0x00001648       0x30 c:/program files (x86)/gnu tools arm embedded/5.3 2016q1/bin/../lib/gcc/arm-none-eabi/5.3.1/../../../../arm-none-eabi/lib/armv7-m\libg.a(lib_a-mlock.o)
 .debug_frame   0x00001678      0x264 c:/program files (x86)/gnu tools arm embedded/5.3 2016q1/bin/../lib/gcc/arm-none-eabi/5.3.1/../../../../arm-none-eabi/lib/armv7-m\libg.a(lib_a-mprec.o)
 .debug_frame   0x000018dc       0x2c c:/program files (x86)/gnu tools arm embedded/5.3 2016q1/bin/../lib/gcc/arm-none-eabi/5.3.1/../../../../arm-none-eabi/lib/armv7-m\libg.a(lib_a-sbrkr.o)
 .debug_frame   0x00001908       0x78 c:/program files (x86)/gnu tools arm embedded/5.3 2016q1/bin/../lib/gcc/arm-none-eabi/5.3.1/../../../../arm-none-eabi/lib/armv7-m\libg.a(lib_a-svfiprintf.o)
 .debug_frame   0x00001980       0x28 c:/program files (x86)/gnu tools arm embedded/5.3 2016q1/bin/../lib/gcc/arm-none-eabi/5.3.1/../../../../arm-none-eabi/lib/armv7-m\libg.a(lib_a-callocr.o)
 .debug_frame   0x000019a8       0x74 c:/program files (x86)/gnu tools arm embedded/5.3 2016q1/bin/../lib/gcc/arm-none-eabi/5.3.1/../../../../arm-none-eabi/lib/armv7-m\libg.a(lib_a-freer.o)
 .debug_frame   0x00001a1c       0x30 c:/program files (x86)/gnu tools arm embedded/5.3 2016q1/bin/../lib/gcc/arm-none-eabi/5.3.1/../../../../arm-none-eabi/lib/armv7-m\libg.a(lib_a-memmove.o)
 .debug_frame   0x00001a4c       0x34 c:/program files (x86)/gnu tools arm embedded/5.3 2016q1/bin/../lib/gcc/arm-none-eabi/5.3.1/../../../../arm-none-eabi/lib/armv7-m\libg.a(lib_a-memset.o)
 .debug_frame   0x00001a80       0x58 c:/program files (x86)/gnu tools arm embedded/5.3 2016q1/bin/../lib/gcc/arm-none-eabi/5.3.1/../../../../arm-none-eabi/lib/armv7-m\libg.a(lib_a-reallocr.o)
 .debug_frame   0x00001ad8       0x58 c:/program files (x86)/gnu tools arm embedded/5.3 2016q1/bin/../lib/gcc/arm-none-eabi/5.3.1/../../../../arm-none-eabi/lib/armv7-m\libg.a(lib_a-reent.o)
 .debug_frame   0x00001b30       0x2c c:/program files (x86)/gnu tools arm embedded/5.3 2016q1/bin/../lib/gcc/arm-none-eabi/5.3.1/armv7-m\libgcc.a(_aeabi_uldivmod.o)
 .debug_frame   0x00001b5c       0x38 c:/program files (x86)/gnu tools arm embedded/5.3 2016q1/bin/../lib/gcc/arm-none-eabi/5.3.1/armv7-m\libgcc.a(_udivmoddi4.o)
